// Jest Snapshot v1, https://goo.gl/fbAQLP

exports[`Notifications should render default screen 1`] = `
<View
  style={
    Object {
      "alignItems": "center",
      "backgroundColor": "#FFFFFF",
      "flex": 1,
      "justifyContent": "center",
    }
  }
>
  <Text
    allowFontScaling={false}
    style={
      Array [
        Object {
          "color": "rgba(226,226,226,1)",
          "fontSize": 100,
        },
        undefined,
        Object {
          "fontFamily": "Feather",
          "fontStyle": "normal",
          "fontWeight": "normal",
        },
        Object {},
      ]
    }
  >
    ï„ž
  </Text>
  <Text
    style={
      Object {
        "color": "rgba(91,91,91,1)",
        "fontSize": 22,
        "paddingTop": 20,
      }
    }
  >
    You don't have any notifications
  </Text>
</View>
`;
